{ABCx16 , ID , 1}
{1x16 , BASE16NUM , 3}
{ , END_OF_FILE , 5}
