{4567ABCFFFFFFFFFFFFFFFFFFFFFFFFFFFFFFFFFFx16 , BASE16NUM , 2}
{ , END_OF_FILE , 4}
