{0 , NUM , 1}
{0 , NUM , 1}
{0 , NUM , 1}
{0 , NUM , 1}
{0 , NUM , 1}
{0 , NUM , 1}
{0 , NUM , 1}
{0 , NUM , 1}
{0 , NUM , 1}
{123FAx16 , BASE16NUM , 1}
{ , END_OF_FILE , 3}
