{0 , NUM , 1}
{11x16 , BASE16NUM , 1}
{ , END_OF_FILE , 3}
