{1.10 , REALNUM , 1}
{abc , ID , 1}
{ , END_OF_FILE , 3}
