{0.999999999999999999999999999999999 , REALNUM , 3}
{ , END_OF_FILE , 5}
