{11 , NUM , 1}
{x0 , ID , 1}
{8 , NUM , 1}
{0x08 , BASE08NUM , 2}
{ , END_OF_FILE , 4}
