{1x08 , BASE08NUM , 1}
{x081x08 , ID , 1}
{ , END_OF_FILE , 3}
