{0 , NUM , 2}
{0 , NUM , 2}
{0 , NUM , 2}
{0 , NUM , 2}
{0 , NUM , 2}
{0 , NUM , 2}
{1x08 , BASE08NUM , 2}
{ , END_OF_FILE , 4}
