{1.00 , REALNUM , 1}
{abc , ID , 2}
{ , END_OF_FILE , 4}
