{1 , NUM , 2}
{ , COMMA , 2}
{0 , NUM , 2}
{3.1415 , REALNUM , 4}
{ , END_OF_FILE , 6}
