{0 , NUM , 1}
{0x08 , BASE08NUM , 1}
{ , END_OF_FILE , 3}
