{123456700000000000000000000000x08 , BASE08NUM , 2}
{ , END_OF_FILE , 4}
